三月 19, 2026 7:46:21 上午 l1j.server.b <init>
嚴重: Access denied for user 'root'@'localhost' (using password: YES)
java.sql.SQLException: Access denied for user 'root'@'localhost' (using password: YES)
	at com.mysql.jdbc.di.a(SQLError.java:964)
	at com.mysql.jdbc.cb.c(MysqlIO.java:3970)
	at com.mysql.jdbc.cb.b(MysqlIO.java:3906)
	at com.mysql.jdbc.cb.j(MysqlIO.java:873)
	at com.mysql.jdbc.cb.a(MysqlIO.java:4417)
	at com.mysql.jdbc.cb.b(MysqlIO.java:1278)
	at com.mysql.jdbc.x.a(ConnectionImpl.java:2253)
	at com.mysql.jdbc.x.b(ConnectionImpl.java:2284)
	at com.mysql.jdbc.x.c(ConnectionImpl.java:2083)
	at com.mysql.jdbc.x.<init>(ConnectionImpl.java:806)
	at com.mysql.jdbc.ay.<init>(JDBC4Connection.java:47)
	at sun.reflect.NativeConstructorAccessorImpl.newInstance0(Native Method)
	at sun.reflect.NativeConstructorAccessorImpl.newInstance(Unknown Source)
	at sun.reflect.DelegatingConstructorAccessorImpl.newInstance(Unknown Source)
	at java.lang.reflect.Constructor.newInstance(Unknown Source)
	at com.mysql.jdbc.ea.a(Util.java:425)
	at com.mysql.jdbc.x.a(ConnectionImpl.java:410)
	at com.mysql.jdbc.NonRegisteringDriver.connect(NonRegisteringDriver.java:328)
	at com.mchange.v2.c3p0.DriverManagerDataSource.getConnection(DriverManagerDataSource.java:161)
	at com.mchange.v2.c3p0.WrapperConnectionPoolDataSource.getPooledConnection(WrapperConnectionPoolDataSource.java:161)
	at com.mchange.v2.c3p0.WrapperConnectionPoolDataSource.getPooledConnection(WrapperConnectionPoolDataSource.java:147)
	at com.mchange.v2.c3p0.impl.C3P0PooledConnectionPoolManager.initializeAutomaticTestTable(C3P0PooledConnectionPoolManager.java:1000)
	at com.mchange.v2.c3p0.impl.C3P0PooledConnectionPoolManager.createPooledConnectionPool(C3P0PooledConnectionPoolManager.java:921)
	at com.mchange.v2.c3p0.impl.C3P0PooledConnectionPoolManager.getPool(C3P0PooledConnectionPoolManager.java:397)
	at com.mchange.v2.c3p0.impl.C3P0PooledConnectionPoolManager.getPool(C3P0PooledConnectionPoolManager.java:414)
	at com.mchange.v2.c3p0.impl.AbstractPoolBackedDataSource.getConnection(AbstractPoolBackedDataSource.java:140)
	at l1j.server.b.<init>(DatabaseFactory.java:88)
	at l1j.server.b.a(DatabaseFactory.java:101)
	at l1j.server.Server.main(Server.java:42)

三月 19, 2026 7:46:21 上午 l1j.server.Server main
嚴重: Access denied for user 'root'@'localhost' (using password: YES)
java.sql.SQLException: Access denied for user 'root'@'localhost' (using password: YES)
	at com.mysql.jdbc.di.a(SQLError.java:964)
	at com.mysql.jdbc.cb.c(MysqlIO.java:3970)
	at com.mysql.jdbc.cb.b(MysqlIO.java:3906)
	at com.mysql.jdbc.cb.j(MysqlIO.java:873)
	at com.mysql.jdbc.cb.a(MysqlIO.java:4417)
	at com.mysql.jdbc.cb.b(MysqlIO.java:1278)
	at com.mysql.jdbc.x.a(ConnectionImpl.java:2253)
	at com.mysql.jdbc.x.b(ConnectionImpl.java:2284)
	at com.mysql.jdbc.x.c(ConnectionImpl.java:2083)
	at com.mysql.jdbc.x.<init>(ConnectionImpl.java:806)
	at com.mysql.jdbc.ay.<init>(JDBC4Connection.java:47)
	at sun.reflect.NativeConstructorAccessorImpl.newInstance0(Native Method)
	at sun.reflect.NativeConstructorAccessorImpl.newInstance(Unknown Source)
	at sun.reflect.DelegatingConstructorAccessorImpl.newInstance(Unknown Source)
	at java.lang.reflect.Constructor.newInstance(Unknown Source)
	at com.mysql.jdbc.ea.a(Util.java:425)
	at com.mysql.jdbc.x.a(ConnectionImpl.java:410)
	at com.mysql.jdbc.NonRegisteringDriver.connect(NonRegisteringDriver.java:328)
	at com.mchange.v2.c3p0.DriverManagerDataSource.getConnection(DriverManagerDataSource.java:161)
	at com.mchange.v2.c3p0.WrapperConnectionPoolDataSource.getPooledConnection(WrapperConnectionPoolDataSource.java:161)
	at com.mchange.v2.c3p0.WrapperConnectionPoolDataSource.getPooledConnection(WrapperConnectionPoolDataSource.java:147)
	at com.mchange.v2.c3p0.impl.C3P0PooledConnectionPoolManager.initializeAutomaticTestTable(C3P0PooledConnectionPoolManager.java:1000)
	at com.mchange.v2.c3p0.impl.C3P0PooledConnectionPoolManager.createPooledConnectionPool(C3P0PooledConnectionPoolManager.java:921)
	at com.mchange.v2.c3p0.impl.C3P0PooledConnectionPoolManager.getPool(C3P0PooledConnectionPoolManager.java:397)
	at com.mchange.v2.c3p0.impl.C3P0PooledConnectionPoolManager.getPool(C3P0PooledConnectionPoolManager.java:414)
	at com.mchange.v2.c3p0.impl.AbstractPoolBackedDataSource.getConnection(AbstractPoolBackedDataSource.java:140)
	at l1j.server.b.<init>(DatabaseFactory.java:88)
	at l1j.server.b.a(DatabaseFactory.java:101)
	at l1j.server.Server.main(Server.java:42)

