三月 19, 2026 8:08:11 上午 al.e a
嚴重: null
java.util.NoSuchElementException
	at java.util.StringTokenizer.nextToken(Unknown Source)
	at al.e.a(L1AllBuff.java:48)
	at ai.b.a(GMCommands.java:79)
	at ai.b.a(GMCommands.java:229)
	at aq.g.a(L1Chat.java:38)
	at aj.bs.<init>(C_ProtoBuffers.java:146)
	at ai.e.a(PacketHandler.java:194)
	at bj.d.run(ClientThread.java:191)
	at java.util.concurrent.Executors$RunnableAdapter.call(Unknown Source)
	at java.util.concurrent.FutureTask.run(Unknown Source)
	at java.util.concurrent.ScheduledThreadPoolExecutor$ScheduledFutureTask.access$201(Unknown Source)
	at java.util.concurrent.ScheduledThreadPoolExecutor$ScheduledFutureTask.run(Unknown Source)
	at java.util.concurrent.ThreadPoolExecutor.runWorker(Unknown Source)
	at java.util.concurrent.ThreadPoolExecutor$Worker.run(Unknown Source)
	at java.lang.Thread.run(Unknown Source)

三月 19, 2026 8:33:28 上午 bj.d run
嚴重: null
java.util.NoSuchElementException
	at java.util.StringTokenizer.nextToken(Unknown Source)
	at ai.b.a(GMCommands.java:103)
	at aq.g.a(L1Chat.java:38)
	at aj.bs.<init>(C_ProtoBuffers.java:146)
	at ai.e.a(PacketHandler.java:194)
	at bj.d.run(ClientThread.java:191)
	at java.util.concurrent.Executors$RunnableAdapter.call(Unknown Source)
	at java.util.concurrent.FutureTask.run(Unknown Source)
	at java.util.concurrent.ScheduledThreadPoolExecutor$ScheduledFutureTask.access$201(Unknown Source)
	at java.util.concurrent.ScheduledThreadPoolExecutor$ScheduledFutureTask.run(Unknown Source)
	at java.util.concurrent.ThreadPoolExecutor.runWorker(Unknown Source)
	at java.util.concurrent.ThreadPoolExecutor$Worker.run(Unknown Source)
	at java.lang.Thread.run(Unknown Source)

三月 19, 2026 9:01:03 上午 al.e a
嚴重: null
java.util.NoSuchElementException
	at java.util.StringTokenizer.nextToken(Unknown Source)
	at al.e.a(L1AllBuff.java:48)
	at ai.b.a(GMCommands.java:79)
	at ai.b.a(GMCommands.java:229)
	at aq.g.a(L1Chat.java:38)
	at aj.bs.<init>(C_ProtoBuffers.java:146)
	at ai.e.a(PacketHandler.java:194)
	at bj.d.run(ClientThread.java:191)
	at java.util.concurrent.Executors$RunnableAdapter.call(Unknown Source)
	at java.util.concurrent.FutureTask.run(Unknown Source)
	at java.util.concurrent.ScheduledThreadPoolExecutor$ScheduledFutureTask.access$201(Unknown Source)
	at java.util.concurrent.ScheduledThreadPoolExecutor$ScheduledFutureTask.run(Unknown Source)
	at java.util.concurrent.ThreadPoolExecutor.runWorker(Unknown Source)
	at java.util.concurrent.ThreadPoolExecutor$Worker.run(Unknown Source)
	at java.lang.Thread.run(Unknown Source)

