warning: [options] bootstrap class path not set in conjunction with -source 8
_recovery-stage-src/an/a.java:816: error: not a statement
            an.a.a.m;
                  ^
_recovery-stage-src/an/a.java:2263: error: not a statement
            an.a.c.m;
                  ^
_recovery-stage-src/an/a.java:3764: error: not a statement
            an.a.e.m;
                  ^
_recovery-stage-src/an/a.java:5245: error: not a statement
            an.a.g.m;
                  ^
_recovery-stage-src/an/a.java:6695: error: not a statement
            an.a.i.m;
                  ^
_recovery-stage-src/an/b.java:560: error: not a statement
            an.b.a.m;
                  ^
_recovery-stage-src/an/b.java:1299: error: not a statement
            an.b.c.m;
                  ^
_recovery-stage-src/an/b.java:2756: error: not a statement
            an.b.e.m;
                  ^
_recovery-stage-src/an/b.java:5442: error: not a statement
            an.b.g.m;
                  ^
_recovery-stage-src/an/b.java:7804: error: not a statement
            an.b.i.m;
                  ^
_recovery-stage-src/an/c.java:832: error: not a statement
            an.c.a.m;
                  ^
_recovery-stage-src/an/c.java:2307: error: not a statement
            an.c.c.m;
                  ^
_recovery-stage-src/an/c.java:3761: error: not a statement
            an.c.e.m;
                  ^
_recovery-stage-src/an/c.java:5213: error: not a statement
            an.c.g.m;
                  ^
_recovery-stage-src/an/c.java:6688: error: not a statement
            an.c.i.m;
                  ^
_recovery-stage-src/an/d.java:815: error: not a statement
            an.d.a.m;
                  ^
_recovery-stage-src/an/d.java:2249: error: not a statement
            an.d.c.m;
                  ^
_recovery-stage-src/an/d.java:3687: error: not a statement
            an.d.e.m;
                  ^
_recovery-stage-src/an/d.java:5127: error: not a statement
            an.d.g.m;
                  ^
_recovery-stage-src/an/d.java:6604: error: not a statement
            an.d.i.m;
                  ^
_recovery-stage-src/an/e.java:832: error: not a statement
            an.e.a.m;
                  ^
_recovery-stage-src/an/e.java:2311: error: not a statement
            an.e.c.m;
                  ^
_recovery-stage-src/an/e.java:3749: error: not a statement
            an.e.e.m;
                  ^
_recovery-stage-src/an/e.java:5195: error: not a statement
            an.e.g.m;
                  ^
_recovery-stage-src/an/e.java:6653: error: not a statement
            an.e.i.m;
                  ^
_recovery-stage-src/an/f.java:819: error: not a statement
            an.f.a.m;
                  ^
_recovery-stage-src/an/f.java:2269: error: not a statement
            an.f.c.m;
                  ^
_recovery-stage-src/an/f.java:3761: error: not a statement
            an.f.e.m;
                  ^
_recovery-stage-src/an/f.java:5270: error: not a statement
            an.f.g.m;
                  ^
_recovery-stage-src/an/f.java:6811: error: not a statement
            an.f.i.m;
                  ^
_recovery-stage-src/an/g.java:854: error: not a statement
            an.g.a.m;
                  ^
_recovery-stage-src/an/g.java:2516: error: not a statement
            an.g.c.m;
                  ^
_recovery-stage-src/an/g.java:4382: error: not a statement
            an.g.e.m;
                  ^
_recovery-stage-src/an/g.java:6031: error: not a statement
            an.g.g.m;
                  ^
_recovery-stage-src/an/g.java:7568: error: not a statement
            an.g.i.m;
                  ^
_recovery-stage-src/an/h.java:849: error: not a statement
            an.h.a.m;
                  ^
_recovery-stage-src/an/h.java:2381: error: not a statement
            an.h.c.m;
                  ^
_recovery-stage-src/an/h.java:3841: error: not a statement
            an.h.e.m;
                  ^
_recovery-stage-src/an/h.java:5297: error: not a statement
            an.h.g.m;
                  ^
_recovery-stage-src/an/h.java:6755: error: not a statement
            an.h.i.m;
                  ^
_recovery-stage-src/an/i.java:622: error: not a statement
            i.a.m;
               ^
_recovery-stage-src/an/i.java:1971: error: not a statement
            i.c.m;
               ^
_recovery-stage-src/an/i.java:3426: error: not a statement
            i.e.m;
               ^
_recovery-stage-src/an/i.java:4771: error: not a statement
            i.g.m;
               ^
44 errors
1 warning
