WARN:  Mismatched superinterface signature, expected: Lan/class_7;, actual: an/c$f
WARN:  Mismatched superinterface signature, expected: Lan/class_33;, actual: an/b$f
WARN:  Mismatched superinterface signature, expected: Lan/class_8;, actual: an/d$h
WARN:  Mismatched superinterface signature, expected: Lan/class_0;, actual: an/h$f
WARN:  Mismatched superinterface signature, expected: Lan/class_42;, actual: an/d$d
WARN:  Mismatched superinterface signature, expected: Lan/class_13;, actual: an/c$h
WARN:  Mismatched superinterface signature, expected: Lan/class_9;, actual: an/a$f
WARN:  Mismatched method return signature, expected: an/class_195, actual: an/c$g$a
WARN:  Mismatched superinterface signature, expected: Lan/class_34;, actual: an/h$b
WARN:  Mismatched superinterface signature, expected: Lan/class_22;, actual: an/d$j
WARN:  Mismatched method return signature, expected: an/class_193, actual: an/h$a$a
WARN:  Mismatched method return signature, expected: an/class_193, actual: an/h$a$a
WARN:  Mismatched method return signature, expected: an/class_192, actual: an/d$i$a
WARN:  Mismatched method return signature, expected: an/class_192, actual: an/d$i$a
WARN:  Mismatched superinterface signature, expected: Lan/class_32;, actual: an/e$h
WARN:  Mismatched superinterface signature, expected: Lan/class_6;, actual: an/f$f
WARN:  Mismatched superinterface signature, expected: Lan/class_43;, actual: an/g$b
WARN:  Mismatched superinterface signature, expected: Lan/class_4;, actual: an/a$h
WARN:  Mismatched superinterface signature, expected: Lan/class_30;, actual: an/i$b
WARN:  Mismatched method return signature, expected: an/class_190, actual: an/f$e$a
WARN:  Mismatched superinterface signature, expected: Lan/class_26;, actual: an/d$f
WARN:  Mismatched method return signature, expected: an/class_189, actual: an/g$a$a
WARN:  Mismatched method return signature, expected: an/class_187, actual: an/i$a$a
WARN:  Mismatched superinterface signature, expected: Lan/class_24;, actual: an/i$h
WARN:  Mismatched superinterface signature, expected: Lan/class_40;, actual: an/c$b
WARN:  Mismatched method return signature, expected: an/class_184, actual: an/c$a$a
WARN:  Mismatched superinterface signature, expected: Lan/class_3;, actual: an/f$h
WARN:  Mismatched superinterface signature, expected: Lan/class_2;, actual: an/e$d
WARN:  Mismatched superinterface signature, expected: Lan/class_35;, actual: an/f$b
WARN:  Mismatched method return signature, expected: an/class_183, actual: an/f$g$a
WARN:  Mismatched method return signature, expected: an/class_183, actual: an/f$g$a
WARN:  Mismatched superinterface signature, expected: Lan/class_28;, actual: an/a$b
WARN:  Mismatched superinterface signature, expected: Lan/class_18;, actual: an/g$j
WARN:  Mismatched method return signature, expected: an/class_179, actual: an/g$i$a
WARN:  Mismatched superinterface signature, expected: Lan/class_19;, actual: an/a$j
WARN:  Mismatched superinterface signature, expected: Lan/class_1;, actual: an/h$d
WARN:  Mismatched superinterface signature, expected: Lan/class_31;, actual: an/b$b
WARN:  Mismatched superinterface signature, expected: Lan/class_29;, actual: an/g$d
WARN:  Mismatched superinterface signature, expected: Lan/class_17;, actual: an/b$h
WARN:  Mismatched method return signature, expected: an/class_175, actual: an/g$c$a
WARN:  Mismatched superinterface signature, expected: Lan/class_12;, actual: an/f$j
WARN:  Mismatched method return signature, expected: an/class_173, actual: an/f$i$a
WARN:  Mismatched method return signature, expected: an/class_174, actual: an/b$g$a
WARN:  Mismatched method return signature, expected: an/class_174, actual: an/b$g$a
WARN:  Mismatched superinterface signature, expected: Lan/class_38;, actual: an/h$h
WARN:  Mismatched superinterface signature, expected: Lan/class_5;, actual: an/g$h
WARN:  Mismatched superinterface signature, expected: Lan/class_27;, actual: an/b$j
WARN:  Mismatched superinterface signature, expected: Lan/class_36;, actual: an/i$d
WARN:  Mismatched method return signature, expected: an/class_171, actual: an/g$g$a
WARN:  Mismatched method return signature, expected: an/class_171, actual: an/g$g$a
WARN:  Mismatched superinterface signature, expected: Lan/class_25;, actual: an/h$j
WARN:  Mismatched method return signature, expected: an/class_170, actual: an/b$i$a
WARN:  Mismatched superinterface signature, expected: Lan/class_39;, actual: an/e$b
WARN:  Mismatched superinterface signature, expected: Lan/class_10;, actual: an/e$f
WARN:  Mismatched superinterface signature, expected: Lan/class_21;, actual: an/c$j
WARN:  Mismatched method return signature, expected: an/class_167, actual: an/e$a$a
WARN:  Mismatched superinterface signature, expected: Lan/class_41;, actual: an/i$f
WARN:  Mismatched method return signature, expected: an/class_164, actual: an/i$e$a
WARN:  Mismatched superinterface signature, expected: Lan/class_20;, actual: an/e$j
WARN:  Mismatched superinterface signature, expected: Lan/class_15;, actual: an/b$d
WARN:  Mismatched superinterface signature, expected: Lan/class_23;, actual: an/d$b
WARN:  Mismatched method return signature, expected: an/class_162, actual: an/b$c$a
WARN:  Mismatched superinterface signature, expected: Lan/class_14;, actual: an/a$d
WARN:  Mismatched superinterface signature, expected: Lan/class_11;, actual: an/f$d
WARN:  Mismatched superinterface signature, expected: Lan/class_16;, actual: an/c$d
WARN:  Mismatched superinterface signature, expected: Lan/class_37;, actual: an/g$f
WARN:  Mismatched method return signature, expected: an/class_160, actual: an/a$c$a
WARN:  Mismatched method return signature, expected: an/class_157, actual: an/g$e$a
WARN:  Mismatched method return signature, expected: an/class_157, actual: an/g$e$a
WARN:  Mismatched method return signature, expected: an/class_157, actual: an/g$e$a
WARN:  Mismatched method return signature, expected: an/class_157, actual: an/g$e$a
WARN:  Mismatched method return signature, expected: an/class_157, actual: an/g$e$a
